Script started on 2019-05-22 17:18:22-06:00
]0;sijia.yin@csa2:~/cpsc355/Assignment2sijia.yin@csa2:~/cpsc355/Assignment2$ gdb assug[K[Kigna[K2a
GNU gdb (GDB) Fedora 8.1.1-4.fc28
Copyright (C) 2018 Free Software Foundation, Inc.
License GPLv3+: GNU GPL version 3 or later <http://gnu.org/licenses/gpl.html>
This is free software: you are free to change and redistribute it.
There is NO WARRANTY, to the extent permitted by law.  Type "show copying"
and "show warranty" for details.
This GDB was configured as "aarch64-redhat-linux-gnu".
Type "show configuration" for configuration details.
For bug reporting instructions, please see:
<http://www.gnu.org/software/gdb/bugs/>.
Find the GDB manual and other documentation resources online at:
<http://www.gnu.org/software/gdb/documentation/>.
For help, type "help".
Type "apropos word" to search for commands related to "word"...
Reading symbols from assign2a...done.
(gdb) dispal  lay/i $pc
1: x/i $pc
<error: No registers.>
(gdb) b mi ain
Breakpoint 1 at 0x4005f4: file assign2a.s, line 26.
(gdb) r
Starting program: /home/uga/sijia.yin/cpsc355/Assignment2/assign2a 
warning: the debug information found in "/usr/lib/debug//usr/lib64/ld-2.27.so.debug" does not match "/lib/ld-linux-aarch64.so.1" (CRC mismatch).

Missing separate debuginfos, use: dnf debuginfo-install glibc-2.27-38.fc28.aarch64
warning: the debug information found in "/usr/lib/debug//lib64/libc-2.27.so.debug" does not match "/lib64/libc.so.6" (CRC mismatch).

warning: the debug information found in "/usr/lib/debug//usr/lib64/libc-2.27.so.debug" does not match "/lib64/libc.so.6" (CRC mismatch).


Breakpoint 1, main () at assign2a.s:26
26	main:		stp x29, x30,[sp,-16]!			//allocate stack space
1: x/i $pc
=> 0x4005f4 <main>:	stp	x29, x30, [sp, #-16]!
(gdb) ni
27			mov x29,sp				//update fp
1: x/i $pc
=> 0x4005f8 <main+4>:	mov	x29, sp
(gdb) ni
29			mov	w20, -16843010		//the value of w20
1: x/i $pc
=> 0x4005fc <main+8>:	mov	w20, #0xfefefefe            	// #-16843010
(gdb) ni
30			mov	w19, 70			//the value of muliplier
1: x/i $pc
=> 0x400600 <main+12>:	mov	w19, #0x46                  	// #70
(gdb) ni
31			mov	w21, 0			//the value of w21
1: x/i $pc
=> 0x400604 <main+16>:	mov	w21, #0x0                   	// #0
(gdb) ni
33			adrp 	x0, format1			//the first output statement
1: x/i $pc
=> 0x400608 <main+20>:	adrp	x0, 0x400000
(gdb) ni
34			add	x0, x0, :lo12:format1
1: x/i $pc
=> 0x40060c <main+24>:	add	x0, x0, #0x594
(gdb) ni
35			mov	w1, w19 
1: x/i $pc
=> 0x400610 <main+28>:	mov	w1, w19
(gdb) ni
36			mov	w2, w19
1: x/i $pc
=> 0x400614 <main+32>:	mov	w2, w19
(gdb) ni
37			mov	w3, w20
1: x/i $pc
=> 0x400618 <main+36>:	mov	w3, w20
(gdb) ni
38			mov	w4, w20
1: x/i $pc
=> 0x40061c <main+40>:	mov	w4, w20
(gdb) ni
39			bl 	printf
1: x/i $pc
=> 0x400620 <main+44>:	bl	0x400480 <printf@plt>
(gdb) ni
w19 = 0x00000046 (70) w20 = 0xfefefefe (-16843010)

41			mov 	w24, 0			//the value of w24
1: x/i $pc
=> 0x400624 <main+48>:	mov	w24, #0x0                   	// #0
(gdb) ni
42			mov 	w25, 1				//the value of w25
1: x/i $pc
=> 0x400628 <main+52>:	mov	w25, #0x1                   	// #1
(gdb) ni
44			cmp 	w19, 0			//compare w19 with 0
1: x/i $pc
=> 0x40062c <main+56>:	cmp	w19, #0x0
(gdb) ni
45			b.lt 	truen				//if w19 less than 0 then go to truen
1: x/i $pc
=> 0x400630 <main+60>:	b.lt	0x40063c <truen>  // b.tstop
(gdb) ni
46			mov 	w23, w24			//else give the value of w24 to w23
1: x/i $pc
=> 0x400634 <main+64>:	mov	w23, w24
(gdb) ni
47			b	loop				//then go to loop
1: x/i $pc
=> 0x400638 <main+68>:	b	0x400640 <loop>
(gdb) ni
w21 = 0x00000000 w19 = 0x00000046
64-bit x19 = 0x0000000000000046 (70)
[Inferior 1 (process 31310) exited normally]
(gdb) ni
The program is not being run.
(gdb) q
]0;sijia.yin@csa2:~/cpsc355/Assignment2sijia.yin@csa2:~/cpsc355/Assignment2$ exit
exit

Script done on 2019-05-22 17:19:25-06:00
